MemTotal:        2021088 kB
MemFree:          145432 kB
MemAvailable:     825236 kB
Buffers:            6712 kB
Cached:           877964 kB
SwapCached:        10244 kB
Active:           736560 kB
Inactive:         640016 kB
Active(anon):     278288 kB
Inactive(anon):   235480 kB
Active(file):     458272 kB
Inactive(file):   404536 kB
Unevictable:       10476 kB
Mlocked:           10476 kB
SwapTotal:       1515812 kB
SwapFree:        1099752 kB
Dirty:             21920 kB
Writeback:             0 kB
AnonPages:        498756 kB
Mapped:           566016 kB
Shmem:             12404 kB
KReclaimable:      64004 kB
Slab:             179312 kB
SReclaimable:      64004 kB
SUnreclaim:       115308 kB
KernelStack:       31232 kB
PageTables:        61456 kB
SecPageTables:         0 kB
NFS_Unstable:          0 kB
Bounce:                0 kB
WritebackTmp:          0 kB
CommitLimit:     2526356 kB
Committed_AS:   31346128 kB
VmallocTotal:   34359738367 kB
VmallocUsed:       52104 kB
VmallocChunk:          0 kB
Percpu:             4720 kB
AnonHugePages:         0 kB
ShmemHugePages:        0 kB
ShmemPmdMapped:        0 kB
FileHugePages:         0 kB
FilePmdMapped:         0 kB
CmaTotal:         303104 kB
CmaFree:           22648 kB
DirectMap4k:       46928 kB
DirectMap2M:     2050048 kB
DirectMap1G:           0 kB

